// Jest Snapshot v1, https://goo.gl/fbAQLP

exports[`Should render AddExpensePage correctly 1`] = `
<div>
  <h1>
     Add Expense Page 
  </h1>
  <ExpenseForm
    onSubmit={[Function]}
  />
</div>
`;
