// Jest Snapshot v1, https://goo.gl/fbAQLP

exports[`Should render EditExpensePage correctly 1`] = `
<div>
  <h1>
    Edit Expense Page
  </h1>
  <ExpenseForm
    amount={4500}
    createdAt={345600000}
    description="Credit Card"
    id="3"
    note=""
    onSubmit={[Function]}
  />
  <button
    onClick={[Function]}
  >
    Remove
  </button>
</div>
`;
