// Jest Snapshot v1, https://goo.gl/fbAQLP

exports[`should render expense list items 1`] = `
<div>
  <Link
    replace={false}
    to="/edit/1"
  >
    <h4>
       
      Gum
       
    </h4>
  </Link>
  <p>
    $1.95
    -
    December 31st, 1969
  </p>
</div>
`;
