// Jest Snapshot v1, https://goo.gl/fbAQLP

exports[`Should render NotFoundPage correctly 1`] = `
<div>
  Not Found Page
  <Link
    replace={false}
    to="/"
  >
     Back to Home 
  </Link>
</div>
`;
